
[1m[46m RUN [49m[22m [36mv4.0.18 [39m[90m/home/eevan/ProyectosIA/aidrive_genspark[39m

 [31m❯[39m tests/unit/api-minimarket-gateway.test.ts [2m([22m[2m0 test[22m[2m)[22m

[31m⎯⎯⎯⎯⎯⎯[39m[1m[41m Failed Suites 1 [49m[22m[31m⎯⎯⎯⎯⎯⎯⎯[39m

[41m[1m FAIL [22m[49m tests/unit/api-minimarket-gateway.test.ts[2m [ tests/unit/api-minimarket-gateway.test.ts ][22m
[31m[1mError[22m: Failed to resolve import "@testing-library/jest-dom" from "tests/setup.ts". Does the file exist?[39m
  Plugin: [35mvite:import-analysis[39m
  File: [36m/home/eevan/ProyectosIA/aidrive_genspark/tests/setup.ts[39m:1:7
[33m  1  |  import "@testing-library/jest-dom";
     |          ^
  2  |  [39m
[90m [2m❯[22m TransformPluginContext._formatLog node_modules/.deno/vite@7.3.1/node_modules/vite/dist/node/chunks/config.js:[2m28999:43[22m[39m
[90m [2m❯[22m TransformPluginContext.error node_modules/.deno/vite@7.3.1/node_modules/vite/dist/node/chunks/config.js:[2m28996:14[22m[39m
[90m [2m❯[22m normalizeUrl node_modules/.deno/vite@7.3.1/node_modules/vite/dist/node/chunks/config.js:[2m27119:18[22m[39m
[90m [2m❯[22m node_modules/.deno/vite@7.3.1/node_modules/vite/dist/node/chunks/config.js:[2m27177:32[22m[39m
[90m [2m❯[22m TransformPluginContext.transform node_modules/.deno/vite@7.3.1/node_modules/vite/dist/node/chunks/config.js:[2m27145:4[22m[39m
[90m [2m❯[22m EnvironmentPluginContainer.transform node_modules/.deno/vite@7.3.1/node_modules/vite/dist/node/chunks/config.js:[2m28797:14[22m[39m
[90m [2m❯[22m loadAndTransform node_modules/.deno/vite@7.3.1/node_modules/vite/dist/node/chunks/config.js:[2m22670:26[22m[39m

[31m[2m⎯⎯⎯⎯⎯⎯⎯⎯⎯⎯⎯⎯⎯⎯⎯⎯⎯⎯⎯⎯⎯⎯⎯⎯[1/1]⎯[22m[39m


[2m Test Files [22m [1m[31m1 failed[39m[22m[90m (1)[39m
[2m      Tests [22m [2mno tests[22m
[2m   Start at [22m 06:37:06
[2m   Duration [22m 1.24s[2m (transform 0ms, setup 0ms, import 0ms, tests 0ms, environment 895ms)[22m

JUNIT report written to /home/eevan/ProyectosIA/aidrive_genspark/test-reports/junit.xml
